// Jest Snapshot v1, https://goo.gl/fbAQLP

exports[`should render ExpenseListItem with expenses 1`] = `
<div>
  <Link
    replace={false}
    to="/editPage/undefined"
  >
    <h3 />
  </Link>
  <p>
    0.00
    -
    Jan 1st,1970
  </p>
</div>
`;
