// Jest Snapshot v1, https://goo.gl/fbAQLP

exports[`should render Header correctly 1`] = `
<header>
  <h1>
    Expensify
  </h1>
  <NavLink
    activeClassName="is-active"
    ariaCurrent="true"
    exact={true}
    to="/"
  >
    Dashboad
  </NavLink>
  <NavLink
    activeClassName="is-active"
    ariaCurrent="true"
    to="/CreatePage"
  >
    Create Expense
  </NavLink>
  <NavLink
    activeClassName="is-active"
    ariaCurrent="true"
    to="/HelpPage"
  >
    Help
  </NavLink>
</header>
`;
