// Jest Snapshot v1, https://goo.gl/fbAQLP

exports[`should render NotFound correctly 1`] = `
<div>
  Page Not Found 
  <Link
    replace={false}
    to="/"
  >
    Go Home
  </Link>
</div>
`;
